Building for debugging...
[0/3] Write swift-version--58304C5D6DBC2206.txt
Build complete! (0.12s)
Test Suite 'All tests' started at 2026-05-12 11:45:23.294.
Test Suite 'mlx-swift-lmPackageTests.xctest' started at 2026-05-12 11:45:23.295.
Test Suite 'BaseConfigurationTests' started at 2026-05-12 11:45:23.295.
Test Case '-[MLXLMTests.BaseConfigurationTests testHeterogenousQuantization]' started.
Test Case '-[MLXLMTests.BaseConfigurationTests testHeterogenousQuantization]' passed (0.001 seconds).
Test Case '-[MLXLMTests.BaseConfigurationTests testQuantization]' started.
Test Case '-[MLXLMTests.BaseConfigurationTests testQuantization]' passed (0.000 seconds).
Test Suite 'BaseConfigurationTests' passed at 2026-05-12 11:45:23.296.
	 Executed 2 tests, with 0 failures (0 unexpected) in 0.001 (0.001) seconds
Test Suite 'ChatSessionTests' started at 2026-05-12 11:45:23.296.
Test Case '-[MLXLMTests.ChatSessionTests testChatSessionAsyncInterrupt]' started.
Test Case '-[MLXLMTests.ChatSessionTests testChatSessionAsyncInterrupt]' passed (0.803 seconds).
Test Case '-[MLXLMTests.ChatSessionTests testChatSessionAsync]' started.
Test Case '-[MLXLMTests.ChatSessionTests testChatSessionAsync]' passed (0.338 seconds).
Test Case '-[MLXLMTests.ChatSessionTests testChatSessionSync]' started.
Test Case '-[MLXLMTests.ChatSessionTests testChatSessionSync]' passed (0.321 seconds).
Test Case '-[MLXLMTests.ChatSessionTests testChatSessionWithToolsStreaming]' started.
Test Case '-[MLXLMTests.ChatSessionTests testChatSessionWithToolsStreaming]' passed (0.173 seconds).
Test Case '-[MLXLMTests.ChatSessionTests testChatSessionWithTools]' started.
Test Case '-[MLXLMTests.ChatSessionTests testChatSessionWithTools]' passed (0.315 seconds).
Test Case '-[MLXLMTests.ChatSessionTests testCurrentCacheAfterGeneration]' started.
Test Case '-[MLXLMTests.ChatSessionTests testCurrentCacheAfterGeneration]' passed (0.164 seconds).
Test Case '-[MLXLMTests.ChatSessionTests testCurrentCacheNilAfterClear]' started.
Test Case '-[MLXLMTests.ChatSessionTests testCurrentCacheNilAfterClear]' passed (0.161 seconds).
Test Case '-[MLXLMTests.ChatSessionTests testCurrentCacheNilBeforeGeneration]' started.
Test Case '-[MLXLMTests.ChatSessionTests testCurrentCacheNilBeforeGeneration]' passed (0.012 seconds).
Test Case '-[MLXLMTests.ChatSessionTests testCurrentCacheNilForHistorySessionBeforeGeneration]' started.
Test Case '-[MLXLMTests.ChatSessionTests testCurrentCacheNilForHistorySessionBeforeGeneration]' passed (0.012 seconds).
Test Case '-[MLXLMTests.ChatSessionTests testCurrentCacheNonNilForHistorySessionAfterGeneration]' started.
Test Case '-[MLXLMTests.ChatSessionTests testCurrentCacheNonNilForHistorySessionAfterGeneration]' passed (0.161 seconds).
Test Case '-[MLXLMTests.ChatSessionTests testInitWithKVCache]' started.
Test Case '-[MLXLMTests.ChatSessionTests testInitWithKVCache]' passed (0.313 seconds).
Test Case '-[MLXLMTests.ChatSessionTests testSaveAndRestoreCache]' started.
Test Case '-[MLXLMTests.ChatSessionTests testSaveAndRestoreCache]' passed (0.319 seconds).
Test Case '-[MLXLMTests.ChatSessionTests testSaveCacheThrowsBeforeGeneration]' started.
Test Case '-[MLXLMTests.ChatSessionTests testSaveCacheThrowsBeforeGeneration]' passed (0.012 seconds).
Test Case '-[MLXLMTests.ChatSessionTests testViewModel]' started.
Test Case '-[MLXLMTests.ChatSessionTests testViewModel]' passed (0.227 seconds).
Test Suite 'ChatSessionTests' passed at 2026-05-12 11:45:26.629.
	 Executed 14 tests, with 0 failures (0 unexpected) in 3.332 (3.333) seconds
Test Suite 'DeepseekV4Tests' started at 2026-05-12 11:45:26.629.
Test Case '-[MLXLMTests.DeepseekV4Tests testAttentionModuleKeyNames]' started.
Test Case '-[MLXLMTests.DeepseekV4Tests testAttentionModuleKeyNames]' passed (0.004 seconds).
Test Case '-[MLXLMTests.DeepseekV4Tests testBatchedForwardConsistency]' started.
Test Case '-[MLXLMTests.DeepseekV4Tests testBatchedForwardConsistency]' passed (0.028 seconds).
Test Case '-[MLXLMTests.DeepseekV4Tests testBlockModuleKeyNames]' started.
Test Case '-[MLXLMTests.DeepseekV4Tests testBlockModuleKeyNames]' passed (0.008 seconds).
Test Case '-[MLXLMTests.DeepseekV4Tests testConfigurationDecode]' started.
Test Case '-[MLXLMTests.DeepseekV4Tests testConfigurationDecode]' passed (0.000 seconds).
Test Case '-[MLXLMTests.DeepseekV4Tests testHCHeadShape]' started.
Test Case '-[MLXLMTests.DeepseekV4Tests testHCHeadShape]' passed (0.003 seconds).
Test Case '-[MLXLMTests.DeepseekV4Tests testHCParamsLoadedFromCheckpointKeys]' started.
Test Case '-[MLXLMTests.DeepseekV4Tests testHCParamsLoadedFromCheckpointKeys]' passed (0.001 seconds).
Test Case '-[MLXLMTests.DeepseekV4Tests testKVHeadsCount]' started.
Test Case '-[MLXLMTests.DeepseekV4Tests testKVHeadsCount]' passed (0.003 seconds).
Test Case '-[MLXLMTests.DeepseekV4Tests testModelOutputShape]' started.
Test Case '-[MLXLMTests.DeepseekV4Tests testModelOutputShape]' passed (0.014 seconds).
Test Case '-[MLXLMTests.DeepseekV4Tests testMoEGateRoutingShape]' started.
Test Case '-[MLXLMTests.DeepseekV4Tests testMoEGateRoutingShape]' passed (0.001 seconds).
Test Case '-[MLXLMTests.DeepseekV4Tests testRealModelInference]' started.
/Users/simba/workspace/mlx-server/mlx-swift-lm/Tests/MLXLMTests/DeepseekV4Tests.swift:319: -[MLXLMTests.DeepseekV4Tests testRealModelInference] : Test skipped - Model shards not yet downloaded; skipping inference test
Test Case '-[MLXLMTests.DeepseekV4Tests testRealModelInference]' skipped (0.001 seconds).
Test Case '-[MLXLMTests.DeepseekV4Tests testRealModelLoad]' started.
/Users/simba/workspace/mlx-server/mlx-swift-lm/Tests/MLXLMTests/DeepseekV4Tests.swift:284: -[MLXLMTests.DeepseekV4Tests testRealModelLoad] : Test skipped - Model not downloaded; skipping real model test
Test Case '-[MLXLMTests.DeepseekV4Tests testRealModelLoad]' skipped (0.000 seconds).
Test Case '-[MLXLMTests.DeepseekV4Tests testSanitizeDropsCompressorIndexerKeys]' started.
Test Case '-[MLXLMTests.DeepseekV4Tests testSanitizeDropsCompressorIndexerKeys]' passed (0.003 seconds).
Test Case '-[MLXLMTests.DeepseekV4Tests testSanitizeDropsMTPLayers]' started.
Test Case '-[MLXLMTests.DeepseekV4Tests testSanitizeDropsMTPLayers]' passed (0.003 seconds).
Test Case '-[MLXLMTests.DeepseekV4Tests testSanitizeStacksPerExpertWeightsWhenPresent]' started.
Test Case '-[MLXLMTests.DeepseekV4Tests testSanitizeStacksPerExpertWeightsWhenPresent]' passed (0.004 seconds).
Test Suite 'DeepseekV4Tests' passed at 2026-05-12 11:45:26.701.
	 Executed 14 tests, with 2 tests skipped and 0 failures (0 unexpected) in 0.071 (0.072) seconds
Test Suite 'EvalTests' started at 2026-05-12 11:45:26.701.
Test Case '-[MLXLMTests.EvalTests testConcurrentEvaluation]' started.
Test Case '-[MLXLMTests.EvalTests testConcurrentEvaluation]' passed (0.013 seconds).
Test Case '-[MLXLMTests.EvalTests testConcurrentSampling]' started.
Test Case '-[MLXLMTests.EvalTests testConcurrentSampling]' passed (0.003 seconds).
Test Case '-[MLXLMTests.EvalTests testLlamaEval]' started.
Test Case '-[MLXLMTests.EvalTests testLlamaEval]' passed (0.014 seconds).
Test Case '-[MLXLMTests.EvalTests testLlamaLora]' started.
Test Case '-[MLXLMTests.EvalTests testLlamaLora]' passed (0.131 seconds).
Test Case '-[MLXLMTests.EvalTests testRandomStateIsolation]' started.
Test Case '-[MLXLMTests.EvalTests testRandomStateIsolation]' passed (0.017 seconds).
Test Suite 'EvalTests' passed at 2026-05-12 11:45:26.878.
	 Executed 5 tests, with 0 failures (0 unexpected) in 0.177 (0.177) seconds
Test Suite 'MediaProcesingTests' started at 2026-05-12 11:45:26.878.
Test Case '-[MLXLMTests.MediaProcesingTests testResize]' started.
Test Case '-[MLXLMTests.MediaProcesingTests testResize]' passed (0.000 seconds).
Test Case '-[MLXLMTests.MediaProcesingTests testVideoFileAsProcessedSequence]' started.
Test Case '-[MLXLMTests.MediaProcesingTests testVideoFileAsProcessedSequence]' passed (0.211 seconds).
Test Case '-[MLXLMTests.MediaProcesingTests testVideoFileAsSimpleProcessedSequence]' started.
Test Case '-[MLXLMTests.MediaProcesingTests testVideoFileAsSimpleProcessedSequence]' passed (0.115 seconds).
Test Case '-[MLXLMTests.MediaProcesingTests testVideoFileValidationThisShouldFail]' started.
Test Case '-[MLXLMTests.MediaProcesingTests testVideoFileValidationThisShouldFail]' passed (0.001 seconds).
Test Case '-[MLXLMTests.MediaProcesingTests testVideoFramesAsProcessedSequence]' started.
Test Case '-[MLXLMTests.MediaProcesingTests testVideoFramesAsProcessedSequence]' passed (0.017 seconds).
Test Suite 'MediaProcesingTests' passed at 2026-05-12 11:45:27.223.
	 Executed 5 tests, with 0 failures (0 unexpected) in 0.345 (0.345) seconds
Test Suite 'NemotronHTests' started at 2026-05-12 11:45:27.223.
Test Case '-[MLXLMTests.NemotronHTests testCastPredicateExcludesSpecialParameters]' started.
Test Case '-[MLXLMTests.NemotronHTests testCastPredicateExcludesSpecialParameters]' passed (0.001 seconds).
Test Case '-[MLXLMTests.NemotronHTests testConfigurationDecodingFromJSON]' started.
Test Case '-[MLXLMTests.NemotronHTests testConfigurationDecodingFromJSON]' passed (0.000 seconds).
Test Case '-[MLXLMTests.NemotronHTests testConfigurationDecodingWithArrayPattern]' started.
Test Case '-[MLXLMTests.NemotronHTests testConfigurationDecodingWithArrayPattern]' passed (0.000 seconds).
Test Case '-[MLXLMTests.NemotronHTests testConfigurationDecodingWithDefaults]' started.
Test Case '-[MLXLMTests.NemotronHTests testConfigurationDecodingWithDefaults]' passed (0.000 seconds).
Test Case '-[MLXLMTests.NemotronHTests testConfigurationDecodingWithTimeStepLimitArray]' started.
Test Case '-[MLXLMTests.NemotronHTests testConfigurationDecodingWithTimeStepLimitArray]' passed (0.000 seconds).
Test Case '-[MLXLMTests.NemotronHTests testNemotronHAlternatingPattern]' started.
Test Case '-[MLXLMTests.NemotronHTests testNemotronHAlternatingPattern]' passed (0.004 seconds).
Test Case '-[MLXLMTests.NemotronHTests testNemotronHBatchProcessing]' started.
Test Case '-[MLXLMTests.NemotronHTests testNemotronHBatchProcessing]' passed (0.001 seconds).
Test Case '-[MLXLMTests.NemotronHTests testNemotronHCacheCountAttentionOnly]' started.
Test Case '-[MLXLMTests.NemotronHTests testNemotronHCacheCountAttentionOnly]' passed (0.001 seconds).
Test Case '-[MLXLMTests.NemotronHTests testNemotronHCacheCountMambaOnly]' started.
Test Case '-[MLXLMTests.NemotronHTests testNemotronHCacheCountMambaOnly]' passed (0.001 seconds).
Test Case '-[MLXLMTests.NemotronHTests testNemotronHCacheCountMixed]' started.
Test Case '-[MLXLMTests.NemotronHTests testNemotronHCacheCountMixed]' passed (0.001 seconds).
Test Case '-[MLXLMTests.NemotronHTests testNemotronHCacheCreation]' started.
Test Case '-[MLXLMTests.NemotronHTests testNemotronHCacheCreation]' passed (0.001 seconds).
Test Case '-[MLXLMTests.NemotronHTests testNemotronHForwardPass]' started.
Test Case '-[MLXLMTests.NemotronHTests testNemotronHForwardPass]' passed (0.001 seconds).
Test Case '-[MLXLMTests.NemotronHTests testNemotronHFullPattern]' started.
Test Case '-[MLXLMTests.NemotronHTests testNemotronHFullPattern]' passed (0.003 seconds).
Test Case '-[MLXLMTests.NemotronHTests testNemotronHIncrementalGeneration]' started.
Test Case '-[MLXLMTests.NemotronHTests testNemotronHIncrementalGeneration]' passed (0.002 seconds).
Test Case '-[MLXLMTests.NemotronHTests testNemotronHKVHeads]' started.
Test Case '-[MLXLMTests.NemotronHTests testNemotronHKVHeads]' passed (0.001 seconds).
Test Case '-[MLXLMTests.NemotronHTests testNemotronHLongSequence]' started.
Test Case '-[MLXLMTests.NemotronHTests testNemotronHLongSequence]' passed (0.001 seconds).
Test Case '-[MLXLMTests.NemotronHTests testNemotronHLoRALayers]' started.
Test Case '-[MLXLMTests.NemotronHTests testNemotronHLoRALayers]' passed (0.001 seconds).
Test Case '-[MLXLMTests.NemotronHTests testNemotronHMoEHeavyPattern]' started.
Test Case '-[MLXLMTests.NemotronHTests testNemotronHMoEHeavyPattern]' passed (0.002 seconds).
Test Case '-[MLXLMTests.NemotronHTests testNemotronHMultipleGenerationSteps]' started.
Test Case '-[MLXLMTests.NemotronHTests testNemotronHMultipleGenerationSteps]' passed (0.004 seconds).
Test Case '-[MLXLMTests.NemotronHTests testNemotronHSingleAttentionLayer]' started.
Test Case '-[MLXLMTests.NemotronHTests testNemotronHSingleAttentionLayer]' passed (0.001 seconds).
Test Case '-[MLXLMTests.NemotronHTests testNemotronHSingleMambaLayer]' started.
Test Case '-[MLXLMTests.NemotronHTests testNemotronHSingleMambaLayer]' passed (0.001 seconds).
Test Case '-[MLXLMTests.NemotronHTests testNemotronHTiedEmbeddings]' started.
Test Case '-[MLXLMTests.NemotronHTests testNemotronHTiedEmbeddings]' passed (0.001 seconds).
Test Case '-[MLXLMTests.NemotronHTests testNemotronHUntiedEmbeddings]' started.
Test Case '-[MLXLMTests.NemotronHTests testNemotronHUntiedEmbeddings]' passed (0.001 seconds).
Test Case '-[MLXLMTests.NemotronHTests testNemotronHVocabularySize]' started.
Test Case '-[MLXLMTests.NemotronHTests testNemotronHVocabularySize]' passed (0.001 seconds).
Test Case '-[MLXLMTests.NemotronHTests testNemotronHWithAttentionOnly]' started.
Test Case '-[MLXLMTests.NemotronHTests testNemotronHWithAttentionOnly]' passed (0.001 seconds).
Test Case '-[MLXLMTests.NemotronHTests testNemotronHWithMambaOnly]' started.
Test Case '-[MLXLMTests.NemotronHTests testNemotronHWithMambaOnly]' passed (0.002 seconds).
Test Case '-[MLXLMTests.NemotronHTests testNemotronHWithMLP]' started.
Test Case '-[MLXLMTests.NemotronHTests testNemotronHWithMLP]' passed (0.001 seconds).
Test Case '-[MLXLMTests.NemotronHTests testNemotronHWithMoE]' started.
Test Case '-[MLXLMTests.NemotronHTests testNemotronHWithMoE]' passed (0.001 seconds).
Test Case '-[MLXLMTests.NemotronHTests testNemotronHWithSharedExperts]' started.
Test Case '-[MLXLMTests.NemotronHTests testNemotronHWithSharedExperts]' passed (0.001 seconds).
Test Case '-[MLXLMTests.NemotronHTests testSanitizeConv1dWeights]' started.
Test Case '-[MLXLMTests.NemotronHTests testSanitizeConv1dWeights]' passed (0.001 seconds).
Test Case '-[MLXLMTests.NemotronHTests testSanitizeConv1dWeightsNoOpWhenAlreadyCorrect]' started.
Test Case '-[MLXLMTests.NemotronHTests testSanitizeConv1dWeightsNoOpWhenAlreadyCorrect]' passed (0.001 seconds).
Test Case '-[MLXLMTests.NemotronHTests testSanitizeExpertWeights]' started.
Test Case '-[MLXLMTests.NemotronHTests testSanitizeExpertWeights]' passed (0.002 seconds).
Test Case '-[MLXLMTests.NemotronHTests testSanitizePreservesOtherWeights]' started.
Test Case '-[MLXLMTests.NemotronHTests testSanitizePreservesOtherWeights]' passed (0.001 seconds).
Test Suite 'NemotronHTests' passed at 2026-05-12 11:45:27.266.
	 Executed 33 tests, with 0 failures (0 unexpected) in 0.042 (0.043) seconds
Test Suite 'SampleTests' started at 2026-05-12 11:45:27.266.
Test Case '-[MLXLMTests.SampleTests testFrequencyPenaltyContextPenalizesByCount]' started.
Test Case '-[MLXLMTests.SampleTests testFrequencyPenaltyContextPenalizesByCount]' passed (0.001 seconds).
Test Case '-[MLXLMTests.SampleTests testFrequencyPenaltyContextPenalizesByTokenCount]' started.
Test Case '-[MLXLMTests.SampleTests testFrequencyPenaltyContextPenalizesByTokenCount]' passed (0.000 seconds).
Test Case '-[MLXLMTests.SampleTests testGenerateParametersCreatesExpectedPenaltyProcessor]' started.
Test Case '-[MLXLMTests.SampleTests testGenerateParametersCreatesExpectedPenaltyProcessor]' passed (0.003 seconds).
Test Case '-[MLXLMTests.SampleTests testGenerateParametersCreatesExpectedSampler]' started.
Test Case '-[MLXLMTests.SampleTests testGenerateParametersCreatesExpectedSampler]' passed (0.000 seconds).
Test Case '-[MLXLMTests.SampleTests testGenerateParametersPenaltyProcessorComposesPenaltiesInOrder]' started.
Test Case '-[MLXLMTests.SampleTests testGenerateParametersPenaltyProcessorComposesPenaltiesInOrder]' passed (0.003 seconds).
Test Case '-[MLXLMTests.SampleTests testMinPSamplerKeepsOnlyHighProbabilityToken]' started.
Test Case '-[MLXLMTests.SampleTests testMinPSamplerKeepsOnlyHighProbabilityToken]' passed (0.006 seconds).
Test Case '-[MLXLMTests.SampleTests testMinPSamplerLowThresholdKeepsExpectedDistribution]' started.
Test Case '-[MLXLMTests.SampleTests testMinPSamplerLowThresholdKeepsExpectedDistribution]' passed (1.563 seconds).
Test Case '-[MLXLMTests.SampleTests testPenaltyProcessorAppendAfterLong2DPromptDoesNotCrash]' started.
Test Case '-[MLXLMTests.SampleTests testPenaltyProcessorAppendAfterLong2DPromptDoesNotCrash]' passed (0.000 seconds).
Test Case '-[MLXLMTests.SampleTests testPresencePenaltyContext2DPromptMatches1D]' started.
Test Case '-[MLXLMTests.SampleTests testPresencePenaltyContext2DPromptMatches1D]' passed (0.001 seconds).
Test Case '-[MLXLMTests.SampleTests testPresencePenaltyContextPenalizesSeenTokens]' started.
Test Case '-[MLXLMTests.SampleTests testPresencePenaltyContextPenalizesSeenTokens]' passed (0.001 seconds).
Test Case '-[MLXLMTests.SampleTests testPresencePenaltyContextPenalizesUniqueSeenTokens]' started.
Test Case '-[MLXLMTests.SampleTests testPresencePenaltyContextPenalizesUniqueSeenTokens]' passed (0.000 seconds).
Test Case '-[MLXLMTests.SampleTests testTopKSamplerKeepsOnlyTopToken]' started.
Test Case '-[MLXLMTests.SampleTests testTopKSamplerKeepsOnlyTopToken]' passed (0.004 seconds).
Test Case '-[MLXLMTests.SampleTests testTopKSamplerTopTwoKeepsExpectedDistribution]' started.
Test Case '-[MLXLMTests.SampleTests testTopKSamplerTopTwoKeepsExpectedDistribution]' passed (1.516 seconds).
Test Case '-[MLXLMTests.SampleTests testTopPSamplerHighThresholdKeepsExpectedDistribution]' started.
Test Case '-[MLXLMTests.SampleTests testTopPSamplerHighThresholdKeepsExpectedDistribution]' passed (1.675 seconds).
Test Case '-[MLXLMTests.SampleTests testTopPSamplerLowThresholdKeepsMaxToken]' started.
Test Case '-[MLXLMTests.SampleTests testTopPSamplerLowThresholdKeepsMaxToken]' passed (0.084 seconds).
Test Case '-[MLXLMTests.SampleTests testTopPSamplerPartialMassKeepsExpectedDistribution]' started.
Test Case '-[MLXLMTests.SampleTests testTopPSamplerPartialMassKeepsExpectedDistribution]' passed (1.723 seconds).
Test Suite 'SampleTests' passed at 2026-05-12 11:45:33.848.
	 Executed 16 tests, with 0 failures (0 unexpected) in 6.581 (6.582) seconds
Test Suite 'SlotExhaustionTests' started at 2026-05-12 11:45:33.848.
Test Case '-[MLXLMTests.SlotExhaustionTests testAllHits]' started.
Test Case '-[MLXLMTests.SlotExhaustionTests testAllHits]' passed (0.000 seconds).
Test Case '-[MLXLMTests.SlotExhaustionTests testAllMisses]' started.
Test Case '-[MLXLMTests.SlotExhaustionTests testAllMisses]' passed (0.000 seconds).
Test Case '-[MLXLMTests.SlotExhaustionTests testDuplicateExpertInRangesExhaustsSlots]' started.
Test Case '-[MLXLMTests.SlotExhaustionTests testDuplicateExpertInRangesExhaustsSlots]' passed (0.000 seconds).
Test Case '-[MLXLMTests.SlotExhaustionTests testFixedAlgorithmHandlesSlotExhaustion]' started.
Test Case '-[MLXLMTests.SlotExhaustionTests testFixedAlgorithmHandlesSlotExhaustion]' passed (0.000 seconds).
Test Case '-[MLXLMTests.SlotExhaustionTests testNormalHitMissResolution]' started.
Test Case '-[MLXLMTests.SlotExhaustionTests testNormalHitMissResolution]' passed (0.000 seconds).
Test Case '-[MLXLMTests.SlotExhaustionTests testOldAlgorithmCrashesOnSlotExhaustion]' started.
Test Case '-[MLXLMTests.SlotExhaustionTests testOldAlgorithmCrashesOnSlotExhaustion]' passed (0.000 seconds).
Test Suite 'SlotExhaustionTests' passed at 2026-05-12 11:45:33.849.
	 Executed 6 tests, with 0 failures (0 unexpected) in 0.001 (0.001) seconds
Test Suite 'TestQwenFP8' started at 2026-05-12 11:45:33.849.
Test Case '-[MLXLMTests.TestQwenFP8 testGeneration]' started.
/Users/simba/workspace/mlx-server/mlx-swift-lm/Tests/MLXLMTests/TestQwenFP8.swift:9: -[MLXLMTests.TestQwenFP8 testGeneration] : Test skipped - Requires Qwen3.6-35B-A3B-FP8 weights locally — run manually.
Test Case '-[MLXLMTests.TestQwenFP8 testGeneration]' skipped (0.000 seconds).
Test Suite 'TestQwenFP8' passed at 2026-05-12 11:45:33.849.
	 Executed 1 test, with 1 test skipped and 0 failures (0 unexpected) in 0.000 (0.000) seconds
Test Suite 'ToolRegressionTests' started at 2026-05-12 11:45:33.849.
Test Case '-[MLXLMTests.ToolRegressionTests testGemma4ToolCallParsing]' started.
Test Case '-[MLXLMTests.ToolRegressionTests testGemma4ToolCallParsing]' passed (0.000 seconds).
Test Case '-[MLXLMTests.ToolRegressionTests testGemma4ToolCallParsingWithoutEndTag]' started.
Test Case '-[MLXLMTests.ToolRegressionTests testGemma4ToolCallParsingWithoutEndTag]' passed (0.000 seconds).
Test Suite 'ToolRegressionTests' passed at 2026-05-12 11:45:33.849.
	 Executed 2 tests, with 0 failures (0 unexpected) in 0.000 (0.000) seconds
Test Suite 'UserInputTests' started at 2026-05-12 11:45:33.849.
Test Case '-[MLXLMTests.UserInputTests testMistral3ConversionText]' started.
Test Case '-[MLXLMTests.UserInputTests testMistral3ConversionText]' passed (0.000 seconds).
Test Case '-[MLXLMTests.UserInputTests testMistral3ConversionToolRole]' started.
Test Case '-[MLXLMTests.UserInputTests testMistral3ConversionToolRole]' passed (0.000 seconds).
Test Case '-[MLXLMTests.UserInputTests testMistral3ConversionWithImage]' started.
Test Case '-[MLXLMTests.UserInputTests testMistral3ConversionWithImage]' passed (0.000 seconds).
Test Case '-[MLXLMTests.UserInputTests testQwen2ConversionImage]' started.
Test Case '-[MLXLMTests.UserInputTests testQwen2ConversionImage]' passed (0.000 seconds).
Test Case '-[MLXLMTests.UserInputTests testQwen2ConversionText]' started.
Test Case '-[MLXLMTests.UserInputTests testQwen2ConversionText]' passed (0.000 seconds).
Test Case '-[MLXLMTests.UserInputTests testStandardConversion]' started.
Test Case '-[MLXLMTests.UserInputTests testStandardConversion]' passed (0.000 seconds).
Test Suite 'UserInputTests' passed at 2026-05-12 11:45:33.850.
	 Executed 6 tests, with 0 failures (0 unexpected) in 0.000 (0.001) seconds
Test Suite 'WiredMemoryPolicyTests' started at 2026-05-12 11:45:33.850.
Test Case '-[MLXLMTests.WiredMemoryPolicyTests testWiredBudgetPolicyIdentityAndCapBehavior]' started.
Test Case '-[MLXLMTests.WiredMemoryPolicyTests testWiredBudgetPolicyIdentityAndCapBehavior]' passed (0.000 seconds).
Test Case '-[MLXLMTests.WiredMemoryPolicyTests testWiredFixedPolicyIgnoresActiveSizes]' started.
Test Case '-[MLXLMTests.WiredMemoryPolicyTests testWiredFixedPolicyIgnoresActiveSizes]' passed (0.000 seconds).
Test Case '-[MLXLMTests.WiredMemoryPolicyTests testWiredMaxPolicyReturnsLargestDemandOrBaseline]' started.
Test Case '-[MLXLMTests.WiredMemoryPolicyTests testWiredMaxPolicyReturnsLargestDemandOrBaseline]' passed (0.000 seconds).
Test Case '-[MLXLMTests.WiredMemoryPolicyTests testWiredSumPolicyCapAffectsLimitAndAdmission]' started.
Test Case '-[MLXLMTests.WiredMemoryPolicyTests testWiredSumPolicyCapAffectsLimitAndAdmission]' passed (0.000 seconds).
Test Suite 'WiredMemoryPolicyTests' passed at 2026-05-12 11:45:33.850.
	 Executed 4 tests, with 0 failures (0 unexpected) in 0.000 (0.000) seconds
Test Suite 'mlx-swift-lmPackageTests.xctest' passed at 2026-05-12 11:45:33.850.
	 Executed 108 tests, with 3 tests skipped and 0 failures (0 unexpected) in 10.550 (10.555) seconds
Test Suite 'All tests' passed at 2026-05-12 11:45:33.850.
	 Executed 108 tests, with 3 tests skipped and 0 failures (0 unexpected) in 10.550 (10.556) seconds
Iteration 1: validation loss 4.954635, validation time 0.006342s
◇ Test run started.
↳ Testing Library Version: 1501
↳ Target Platform: arm64e-apple-macos14.0
◇ Suite CorruptSafetensorsTests started.
◇ Suite ToolTests started.
◇ Suite MLXTestingSuite started.
◇ Suite Gemma4MTPIntegrationTests started.
◇ Suite StackedMoETests started.
◇ Test testDeadlock() started.
◇ Test testThreadSafeErrorCheckPublishesToActiveLatch() started.
◇ Test "Test Pythonic Tool Call Parser - Double Quotes" started.
◇ Test "Test MiniMax M2 Tool Call Parser" started.
◇ Test "Test Mistral Tool Call Parser" started.
◇ Suite EmbeddingPoolingTests started.
◇ Test "Test Pythonic Tool Call Parser - Multiple Tools via parseEOS" started.
◇ Test "Test JSON Tool Call Parser - Custom Tags" started.
◇ Test "Test Qwen3.5 Format via ToolCallProcessor" started.
◇ Test "Test Tool Call Detection in Generated Text - Default JSON Format" started.
◇ Test "Test Qwen3.5 Format - No Arguments" started.
◇ Test "Test Gemma Function Parser" started.
◇ Test "Test Gemma Format via ToolCallProcessor" started.
◇ Test "Test ToolCallFormat Raw Values for Serialization" started.
◇ Test "Test GLM4 Format via ToolCallProcessor" started.
◇ Test "Test Gemma Function Parser - Escaped Strings" started.
◇ Test "Test Pythonic Tool Call Parser - No Arguments" started.
◇ Test "Stacked MoE fast path falls back for non-quantized models" started.
◇ Test "Gemma4 MTP integration — Python script exists for real-model benchmark" started.
◇ Test "Test Weather Tool Schema Generation" started.
◇ Test "Test Pythonic Tool Call Parser - Type Conversion" started.
◇ Test "Test Pythonic Tool Call Parser - Without Brackets" started.
◇ Test "Test Kimi K2 Format via ToolCallProcessor" started.
◇ Test "Test Qwen3.5 XML Function Parser - With tool_call Tags" started.
◇ Test "Test Kimi K2 Tool Call Parser" started.
◇ Test "Test XML Function Parser - With Type Conversion" started.
◇ Test "Test Pythonic Tool Call Parser - Nested Parentheses in Argument Value" started.
◇ Test "Test Mistral Tool Call Parser - Preserves [TOOL_CALLS] in Arguments" started.
◇ Test "Test LFM2 Format via ToolCallProcessor - Pythonic" started.
◇ Test "Test Mistral Tool Call Parser - With Call ID" started.
◇ Test "Test GLM4 Tool Call Parser" started.
◇ Test "Test Mistral Format via ToolCallProcessor" started.
◇ Test "Test XML Function Parser - Multiline Parameters" started.
◇ Test "Test MiniMax M2 Format via ToolCallProcessor" started.
◇ Test "Test Mistral Format Processor Multiple Tool Calls" started.
◇ Test "Test Mistral Tool Call Parser - Preserves </s> in Arguments" started.
◇ Test "Test XML Function Parser - Multiline Content (Qwen3.5 style)" started.
◇ Test "Test Mistral Format Processor EOS" started.
◇ Test "Test Pythonic Tool Call Parser - Basic" started.
◇ Test "Test ToolCallFormat Inference from Model Type" started.
◇ Test "Test XML Function Parser - Qwen3 Coder Format" started.
◇ Test "Test Llama 3 Tool Call Parser" started.
◇ Test "Test JSON Tool Call Parser - Default Tags" started.
◇ Test "Test Pythonic Tool Call Parser - Nested Parentheses Without Brackets" started.
✔ Test testThreadSafeErrorCheckPublishesToActiveLatch() passed after 0.001 seconds.
✔ Test "Test MiniMax M2 Tool Call Parser" passed after 0.001 seconds.
✔ Test "Test Mistral Tool Call Parser" passed after 0.001 seconds.
✔ Test "Test Tool Call Detection in Generated Text - Default JSON Format" passed after 0.001 seconds.
✔ Test "Test Qwen3.5 Format via ToolCallProcessor" passed after 0.001 seconds.
✔ Test "Test Qwen3.5 Format - No Arguments" passed after 0.001 seconds.
✔ Test "Test JSON Tool Call Parser - Custom Tags" passed after 0.001 seconds.
✔ Test "Test ToolCallFormat Raw Values for Serialization" passed after 0.001 seconds.
✔ Test "Test Gemma Function Parser - Escaped Strings" passed after 0.001 seconds.
✔ Test "Test Gemma Format via ToolCallProcessor" passed after 0.001 seconds.
✔ Test "Test Gemma Function Parser" passed after 0.001 seconds.
◇ Test "Last-token pooling uses the final non-padding token" started.
✔ Test "Gemma4 MTP integration — Python script exists for real-model benchmark" passed after 0.001 seconds.
✔ Test "Test Mistral Tool Call Parser - Preserves [TOOL_CALLS] in Arguments" passed after 0.001 seconds.
✔ Test "Test Kimi K2 Format via ToolCallProcessor" passed after 0.001 seconds.
✔ Test "Test GLM4 Format via ToolCallProcessor" passed after 0.001 seconds.
✔ Test "Test XML Function Parser - With Type Conversion" passed after 0.001 seconds.
✔ Test "Test MiniMax M2 Format via ToolCallProcessor" passed after 0.001 seconds.
✔ Test "Test Kimi K2 Tool Call Parser" passed after 0.001 seconds.
✔ Test "Test Mistral Tool Call Parser - Preserves </s> in Arguments" passed after 0.001 seconds.
✔ Test "Test GLM4 Tool Call Parser" passed after 0.001 seconds.
✔ Test "Test Mistral Tool Call Parser - With Call ID" passed after 0.001 seconds.
✔ Test "Test Qwen3.5 XML Function Parser - With tool_call Tags" passed after 0.001 seconds.
✔ Test "Test XML Function Parser - Multiline Content (Qwen3.5 style)" passed after 0.001 seconds.
✔ Test "Test Mistral Format Processor EOS" passed after 0.001 seconds.
✔ Test "Test Weather Tool Schema Generation" passed after 0.001 seconds.
✔ Test "Test Mistral Format via ToolCallProcessor" passed after 0.001 seconds.
✔ Test "Test XML Function Parser - Multiline Parameters" passed after 0.001 seconds.
✔ Test "Test XML Function Parser - Qwen3 Coder Format" passed after 0.001 seconds.
✔ Test "Test LFM2 Format via ToolCallProcessor - Pythonic" passed after 0.001 seconds.
✔ Test "Test Pythonic Tool Call Parser - No Arguments" passed after 0.001 seconds.
✔ Test "Test Pythonic Tool Call Parser - Type Conversion" passed after 0.001 seconds.
✔ Test "Test JSON Tool Call Parser - Default Tags" passed after 0.001 seconds.
✔ Test "Test Pythonic Tool Call Parser - Without Brackets" passed after 0.001 seconds.
✔ Test "Test Mistral Format Processor Multiple Tool Calls" passed after 0.001 seconds.
✔ Test "Test ToolCallFormat Inference from Model Type" passed after 0.001 seconds.
✔ Test "Test Pythonic Tool Call Parser - Double Quotes" passed after 0.001 seconds.
✔ Test "Test Pythonic Tool Call Parser - Nested Parentheses in Argument Value" passed after 0.001 seconds.
✔ Suite Gemma4MTPIntegrationTests passed after 0.001 seconds.
✔ Test "Test Pythonic Tool Call Parser - Basic" passed after 0.001 seconds.
✔ Test "Test Pythonic Tool Call Parser - Nested Parentheses Without Brackets" passed after 0.001 seconds.
✔ Test "Test Pythonic Tool Call Parser - Multiple Tools via parseEOS" passed after 0.001 seconds.
✔ Test "Test Llama 3 Tool Call Parser" passed after 0.001 seconds.
✔ Suite ToolTests passed after 0.002 seconds.
✔ Test testDeadlock() passed after 0.027 seconds.
✔ Suite CorruptSafetensorsTests passed after 0.027 seconds.
✔ Test "Last-token pooling uses the final non-padding token" passed after 0.026 seconds.
◇ Test "Qwen3 falls back to model-defined pooling when 1_Pooling metadata is missing" started.
✔ Test "Qwen3 falls back to model-defined pooling when 1_Pooling metadata is missing" passed after 0.001 seconds.
✔ Suite EmbeddingPoolingTests passed after 0.029 seconds.
◇ Suite Gemma4Tests started.
◇ Test "Gemma 4 Configuration Decoding" started.
✔ Test "Gemma 4 Configuration Decoding" passed after 0.001 seconds.
◇ Test "Gemma 4 Model Instantiation" started.
✔ Test "Gemma 4 Model Instantiation" passed after 0.001 seconds.
◇ Test "Gemma 4 Forward Pass - Shape" started.
✔ Test "Stacked MoE fast path falls back for non-quantized models" passed after 0.039 seconds.
✔ Suite StackedMoETests passed after 0.040 seconds.
✔ Test "Gemma 4 Forward Pass - Shape" passed after 0.007 seconds.
◇ Test "Forward Pass Determinism" started.
✔ Test "Forward Pass Determinism" passed after 0.008 seconds.
◇ Test "No NaN/Inf in Output" started.
✔ Test "No NaN/Inf in Output" passed after 0.004 seconds.
◇ Test "Gemma 4 Text MoE Instantiation & Forward Pass" started.
✔ Test "Gemma 4 Text MoE Instantiation & Forward Pass" passed after 0.005 seconds.
◇ Test "K-eq-V Forward Pass — no double-transpose regression (Issue #59)" started.
✔ Test "K-eq-V Forward Pass — no double-transpose regression (Issue #59)" passed after 0.003 seconds.
◇ Test "K-eq-V + MoE Forward Pass — gemma-4-26b-a4b shape regression (Issue #59)" started.
✔ Test "K-eq-V + MoE Forward Pass — gemma-4-26b-a4b shape regression (Issue #59)" passed after 0.004 seconds.
◇ Test "Gemma4 MTP — callMTP returns main logits with correct shape" started.
✔ Test "Gemma4 MTP — callMTP returns main logits with correct shape" passed after 0.007 seconds.
◇ Test "Gemma4 MTP — assistant logits have correct vocab dimension" started.
✔ Test "Gemma4 MTP — assistant logits have correct vocab dimension" passed after 0.004 seconds.
◇ Test "Gemma4 MTP — MTPTokenIterator fallback produces a valid token" started.
✔ Test "Gemma4 MTP — MTPTokenIterator fallback produces a valid token" passed after 0.009 seconds.
◇ Test "Gemma4 MTP — iterator generates exactly maxTokens then stops" started.
✔ Test "Gemma4 MTP — iterator generates exactly maxTokens then stops" passed after 0.018 seconds.
◇ Test "Gemma4 MTP — greedy decoding is deterministic" started.
✔ Test "Gemma4 MTP — greedy decoding is deterministic" passed after 0.040 seconds.
◇ Test "Gemma4 MTP — no NaN/Inf in generated token stream" started.
✔ Test "Gemma4 MTP — no NaN/Inf in generated token stream" passed after 0.028 seconds.
✔ Suite Gemma4Tests passed after 0.147 seconds.
◇ Suite KVCacheTests started.
◇ Test testCacheSerialization(creator:) started.
◇ Test case passing 1 argument creator → (Function) to testCacheSerialization(creator:) started.
◇ Test case passing 1 argument creator → (Function) to testCacheSerialization(creator:) started.
◇ Test case passing 1 argument creator → (Function) to testCacheSerialization(creator:) started.
◇ Test case passing 1 argument creator → (Function) to testCacheSerialization(creator:) started.
◇ Test case passing 1 argument creator → (Function) to testCacheSerialization(creator:) started.
◇ Test case passing 1 argument creator → (Function) to testCacheSerialization(creator:) started.
✔ Test testCacheSerialization(creator:) with 6 test cases passed after 0.018 seconds.
◇ Test testCacheCopyIsIndependent(creator:) started.
◇ Test case passing 1 argument creator → (Function) to testCacheCopyIsIndependent(creator:) started.
◇ Test case passing 1 argument creator → (Function) to testCacheCopyIsIndependent(creator:) started.
◇ Test case passing 1 argument creator → (Function) to testCacheCopyIsIndependent(creator:) started.
◇ Test case passing 1 argument creator → (Function) to testCacheCopyIsIndependent(creator:) started.
◇ Test case passing 1 argument creator → (Function) to testCacheCopyIsIndependent(creator:) started.
◇ Test case passing 1 argument creator → (Function) to testCacheCopyIsIndependent(creator:) started.
✔ Test testCacheCopyIsIndependent(creator:) with 6 test cases passed after 0.017 seconds.
◇ Test testCacheCopyOnEmptyCache(creator:) started.
◇ Test case passing 1 argument creator → (Function) to testCacheCopyOnEmptyCache(creator:) started.
◇ Test case passing 1 argument creator → (Function) to testCacheCopyOnEmptyCache(creator:) started.
◇ Test case passing 1 argument creator → (Function) to testCacheCopyOnEmptyCache(creator:) started.
◇ Test case passing 1 argument creator → (Function) to testCacheCopyOnEmptyCache(creator:) started.
◇ Test case passing 1 argument creator → (Function) to testCacheCopyOnEmptyCache(creator:) started.
◇ Test case passing 1 argument creator → (Function) to testCacheCopyOnEmptyCache(creator:) started.
✔ Test testCacheCopyOnEmptyCache(creator:) with 6 test cases passed after 0.001 seconds.
◇ Test testCacheListCopyIsIndependent() started.
✔ Test testCacheListCopyIsIndependent() passed after 0.004 seconds.
✔ Suite KVCacheTests passed after 0.040 seconds.
◇ Suite MTPPhase1ConfigTests started.
◇ Test "MTPConfig.retainMTPWeights reflects SWIFTLM_MTP_ENABLE env var" started.
✔ Test "MTPConfig.retainMTPWeights reflects SWIFTLM_MTP_ENABLE env var" passed after 0.001 seconds.
◇ Test "MTPLanguageModel is a refinement of LanguageModel (type system check)" started.
✔ Test "MTPLanguageModel is a refinement of LanguageModel (type system check)" passed after 0.002 seconds.
◇ Test "Qwen35TextConfiguration decodes num_nextn_predict_layers correctly" started.
✔ Test "Qwen35TextConfiguration decodes num_nextn_predict_layers correctly" passed after 0.001 seconds.
◇ Test "Qwen35TextModel.mtp array is empty when MTP env var is unset" started.
✔ Test "Qwen35TextModel.mtp array is empty when MTP env var is unset" passed after 0.002 seconds.
✔ Suite MTPPhase1ConfigTests passed after 0.005 seconds.
◇ Suite MTPPhase2ConformanceTests started.
◇ Test "callMTP with no MTP heads returns [main_logits] (fallback)" started.
✔ Test "callMTP with no MTP heads returns [main_logits] (fallback)" passed after 0.010 seconds.
◇ Test "callMTP main logits match callAsFunction exactly" started.
✔ Test "callMTP main logits match callAsFunction exactly" passed after 0.010 seconds.
◇ Test "callMTP produces correct logit shapes for B=2 S=6" started.
✔ Test "callMTP produces correct logit shapes for B=2 S=6" passed after 0.006 seconds.
◇ Test "Qwen35TextModel dynamically casts to MTPLanguageModel" started.
✔ Test "Qwen35TextModel dynamically casts to MTPLanguageModel" passed after 0.002 seconds.
◇ Test "DeepseekV4Model.mtpLayers is empty without MTP env var" started.
✔ Test "DeepseekV4Model.mtpLayers is empty without MTP env var" passed after 0.002 seconds.
◇ Test "DeepseekV4 callMTP with no heads returns exactly main logits" started.
✔ Test "DeepseekV4 callMTP with no heads returns exactly main logits" passed after 0.007 seconds.
✔ Suite MTPPhase2ConformanceTests passed after 0.039 seconds.
◇ Suite MTPPhase2IteratorTests started.
◇ Test "MTPTokenIterator initialises without throwing for Qwen35TextModel" started.
✔ Test "MTPTokenIterator initialises without throwing for Qwen35TextModel" passed after 0.002 seconds.
◇ Test "MTPTokenIterator produces exactly maxTokens tokens" started.
✔ Test "MTPTokenIterator produces exactly maxTokens tokens" passed after 0.023 seconds.
◇ Test "MTPTokenIterator at temperature=0 matches TokenIterator output" started.
✔ Test "MTPTokenIterator at temperature=0 matches TokenIterator output" passed after 0.046 seconds.
◇ Test "MTPTokenIterator respects maxTokens with deep draft depth" started.
✔ Test "MTPTokenIterator respects maxTokens with deep draft depth" passed after 0.014 seconds.
◇ Test "KVCache offset advances after MTPTokenIterator completes" started.
✔ Test "KVCache offset advances after MTPTokenIterator completes" passed after 0.017 seconds.
◇ Test "generateMTP produces tokens even when MTP heads are absent (fallback path)" started.
✔ Test "generateMTP produces tokens even when MTP heads are absent (fallback path)" passed after 0.012 seconds.
✔ Suite MTPPhase2IteratorTests passed after 0.116 seconds.
◇ Suite "Performance & Resource Regression Tests" started.
◇ Test "8GB Runner Memory Ceiling Guard" started.
[Performance] Start Memory: 94 MB
[Performance] End Memory: 94 MB
✔ Test "8GB Runner Memory Ceiling Guard" passed after 0.001 seconds.
◇ Test "TFLOPS / Generation Throughput Audit" started.
[Performance] Throughput: 16496.122079760873 tokens/s
✔ Test "TFLOPS / Generation Throughput Audit" passed after 0.003 seconds.
✔ Suite "Performance & Resource Regression Tests" passed after 0.003 seconds.
◇ Suite Qwen35Tests started.
◇ Test "Qwen35 callCapturing returns captured layers" started.
✔ Test "Qwen35 callCapturing returns captured layers" passed after 0.003 seconds.
✔ Suite Qwen35Tests passed after 0.003 seconds.
◇ Suite Qwen3NextTests started.
◇ Test "Qwen3Next callCapturing returns captured layers" started.
✔ Test "Qwen3Next callCapturing returns captured layers" passed after 0.003 seconds.
✔ Suite Qwen3NextTests passed after 0.003 seconds.
◇ Suite ResolveTests started.
◇ Test nilTokenizerSourceUsesModelDirectory() started.
✔ Test nilTokenizerSourceUsesModelDirectory() passed after 0.001 seconds.
◇ Test tokenizerSourceIDWithoutRevisionPassesNil() started.
✔ Test tokenizerSourceIDWithoutRevisionPassesNil() passed after 0.001 seconds.
◇ Test tokenizerSourceIDWithExplicitRevision() started.
✔ Test tokenizerSourceIDWithExplicitRevision() passed after 0.001 seconds.
◇ Test localDirectorySkipsDownloader() started.
✔ Test localDirectorySkipsDownloader() passed after 0.001 seconds.
◇ Test localDirectoryWithRemoteTokenizerSource() started.
✔ Test localDirectoryWithRemoteTokenizerSource() passed after 0.001 seconds.
◇ Test localConfigurationExposesResolvedDirectories() started.
✔ Test localConfigurationExposesResolvedDirectories() passed after 0.001 seconds.
◇ Test tokenizerDirectoryFallsBackToModelDirectory() started.
✔ Test tokenizerDirectoryFallsBackToModelDirectory() passed after 0.001 seconds.
◇ Test unresolvedRemoteConfigurationThrowsForDirectories() started.
✔ Test unresolvedRemoteConfigurationThrowsForDirectories() passed after 0.001 seconds.
✔ Suite ResolveTests passed after 0.001 seconds.
◇ Suite SpeculativeDecodingTests started.
◇ Test testSpeculativeDecodingMatchesDefaultGeneration(numDraftTokens:withLogitProcessor:) started.
◇ Test case passing 2 arguments numDraftTokens → 2, withLogitProcessor → false to testSpeculativeDecodingMatchesDefaultGeneration(numDraftTokens:withLogitProcessor:) started.
◇ Test case passing 2 arguments numDraftTokens → 4, withLogitProcessor → false to testSpeculativeDecodingMatchesDefaultGeneration(numDraftTokens:withLogitProcessor:) started.
✔ Test testSpeculativeDecodingMatchesDefaultGeneration(numDraftTokens:withLogitProcessor:) with 2 test cases passed after 0.137 seconds.
◇ Test testKVCacheIntegrityAfterDraftRejection() started.
✔ Test testKVCacheIntegrityAfterDraftRejection() passed after 0.298 seconds.
✔ Suite SpeculativeDecodingTests passed after 0.436 seconds.
✔ Suite MLXTestingSuite passed after 0.827 seconds.
✔ Test run with 93 tests in 16 suites passed after 0.827 seconds.
